generated 60 items x 3: 300 calls, $7.50
Traceback (most recent call last):
  File "/Users/jajamoa/MIT/suite-metric-probe/src/judge_humanlm.py", line 133, in <module>
    judge = dict(pmap(run, items))
  File "/Users/jajamoa/MIT/suite-metric-probe/src/api.py", line 56, in pmap
    return list(ex.map(fn, xs))
  File "/Library/Developer/CommandLineTools/Library/Frameworks/Python3.framework/Versions/3.9/lib/python3.9/concurrent/futures/_base.py", line 608, in result_iterator
    yield fs.pop().result()
  File "/Library/Developer/CommandLineTools/Library/Frameworks/Python3.framework/Versions/3.9/lib/python3.9/concurrent/futures/_base.py", line 445, in result
    return self.__get_result()
  File "/Library/Developer/CommandLineTools/Library/Frameworks/Python3.framework/Versions/3.9/lib/python3.9/concurrent/futures/_base.py", line 390, in __get_result
    raise self._exception
  File "/Library/Developer/CommandLineTools/Library/Frameworks/Python3.framework/Versions/3.9/lib/python3.9/concurrent/futures/thread.py", line 52, in run
    result = self.fn(*self.args, **self.kwargs)
  File "/Users/jajamoa/MIT/suite-metric-probe/src/judge_humanlm.py", line 129, in run
    return k, {c: score(context, it["target_comment"], gens[k][c]["text"]) for c in ("same", "cross", "same2")}
  File "/Users/jajamoa/MIT/suite-metric-probe/src/judge_humanlm.py", line 129, in <dictcomp>
    return k, {c: score(context, it["target_comment"], gens[k][c]["text"]) for c in ("same", "cross", "same2")}
  File "/Users/jajamoa/MIT/suite-metric-probe/src/judge_humanlm.py", line 116, in score
    out = call(prompt(context, ground_truth, generation), max_tokens=4096)
  File "/Users/jajamoa/MIT/suite-metric-probe/src/api.py", line 37, in call
    r = json.load(urllib.request.urlopen(req, timeout=240))
  File "/Library/Developer/CommandLineTools/Library/Frameworks/Python3.framework/Versions/3.9/lib/python3.9/urllib/request.py", line 214, in urlopen
    return opener.open(url, data, timeout)
  File "/Library/Developer/CommandLineTools/Library/Frameworks/Python3.framework/Versions/3.9/lib/python3.9/urllib/request.py", line 523, in open
    response = meth(req, response)
  File "/Library/Developer/CommandLineTools/Library/Frameworks/Python3.framework/Versions/3.9/lib/python3.9/urllib/request.py", line 632, in http_response
    response = self.parent.error(
  File "/Library/Developer/CommandLineTools/Library/Frameworks/Python3.framework/Versions/3.9/lib/python3.9/urllib/request.py", line 561, in error
    return self._call_chain(*args)
  File "/Library/Developer/CommandLineTools/Library/Frameworks/Python3.framework/Versions/3.9/lib/python3.9/urllib/request.py", line 494, in _call_chain
    result = func(*args)
  File "/Library/Developer/CommandLineTools/Library/Frameworks/Python3.framework/Versions/3.9/lib/python3.9/urllib/request.py", line 641, in http_error_default
    raise HTTPError(req.full_url, code, msg, hdrs, fp)
urllib.error.HTTPError: HTTP Error 400: Bad Request
DONE
